2025-12-20T18:44:49.724Z [INFO] Updating system packages on root@64.23.138.99
2025-12-20T18:44:49.724Z [INFO] Waiting for apt locks on root@64.23.138.99...
2025-12-20T18:46:22.911Z [INFO] apt lock wait: timeout
2025-12-20T18:46:22.911Z [DEBUG] Running apt-get update...
2025-12-20T18:46:29.433Z [DEBUG] Running apt-get upgrade...
2025-12-20T18:46:29.433Z [INFO] Waiting for apt locks on root@64.23.138.99...
2025-12-20T18:48:02.578Z [INFO] apt lock wait: timeout
2025-12-20T18:49:11.696Z [SUCCESS] System updated
2025-12-20T18:49:11.697Z [INFO] Checking Docker on root@64.23.138.99
2025-12-20T18:49:14.506Z [INFO] Installing Docker...
2025-12-20T18:49:14.506Z [INFO] Waiting for apt locks on root@64.23.138.99...
2025-12-20T18:50:47.615Z [INFO] apt lock wait: timeout
2025-12-20T18:51:33.601Z [SUCCESS] Docker installed
2025-12-20T18:52:43.536Z [INFO] Configuring iptables (gateway) on root@64.23.138.99
2025-12-20T18:52:43.537Z [INFO] Waiting for apt locks on root@64.23.138.99...
2025-12-20T18:54:16.821Z [INFO] apt lock wait: timeout
2025-12-20T18:54:33.558Z [SUCCESS] Firewall configured (HTTP/HTTPS open)
2025-12-20T19:19:36.362Z [INFO] Updating system packages on root@147.182.235.164
2025-12-20T19:19:36.363Z [INFO] Waiting for apt locks on root@147.182.235.164...
2025-12-20T19:21:09.693Z [INFO] apt lock wait: timeout
2025-12-20T19:21:09.694Z [DEBUG] Running apt-get update...
2025-12-20T19:21:16.132Z [DEBUG] Running apt-get upgrade...
2025-12-20T19:21:16.133Z [INFO] Waiting for apt locks on root@147.182.235.164...
2025-12-20T19:22:49.342Z [INFO] apt lock wait: timeout
2025-12-20T19:23:56.532Z [SUCCESS] System updated
2025-12-20T19:23:56.533Z [INFO] Checking Docker on root@147.182.235.164
2025-12-20T19:23:59.383Z [INFO] Installing Docker...
2025-12-20T19:23:59.383Z [INFO] Waiting for apt locks on root@147.182.235.164...
2025-12-20T19:25:32.509Z [INFO] apt lock wait: timeout
2025-12-20T19:26:17.198Z [SUCCESS] Docker installed
2025-12-20T19:27:55.670Z [INFO] Configuring iptables (worker) on root@147.182.235.164
2025-12-20T19:27:55.671Z [INFO] Waiting for apt locks on root@147.182.235.164...
2025-12-20T19:29:28.809Z [INFO] apt lock wait: timeout
2025-12-20T19:29:48.136Z [SUCCESS] Firewall configured (Tailscale only)
